// Vitest Snapshot v1, https://vitest.dev/guide/snapshot.html

exports[`PropertiesTable component > rendering 1`] = `
<DocumentFragment>
  <table
    class="table table-sm table-striped table-hover"
  >
    <thead>
      <tr>
        <th
          class="text-left"
        >
          Name
        </th>
        <th
          class="text-center"
        >
          Value
        </th>
        <th
          class="text-right"
        >
          Source
        </th>
      </tr>
    </thead>
    <tbody>
      <tr>
        <td
          class="text-left"
        >
          str
        </td>
        <td
          class="text-left"
        >
          <pre
            class="bb-properties-value"
          >
            "string"
          </pre>
          <svg
            class="bb-properties-copy clickable"
            fill="currentColor"
            height="1em"
            stroke="currentColor"
            stroke-width="0"
            viewBox="0 0 448 512"
            width="1em"
            xmlns="http://www.w3.org/2000/svg"
          >
            <path
              d="M320 448v40c0 13.255-10.745 24-24 24H24c-13.255 0-24-10.745-24-24V120c0-13.255 10.745-24 24-24h72v296c0 30.879 25.121 56 56 56h168zm0-344V0H152c-13.255 0-24 10.745-24 24v368c0 13.255 10.745 24 24 24h272c13.255 0 24-10.745 24-24V128H344c-13.2 0-24-10.8-24-24zm120.971-31.029L375.029 7.029A24 24 0 0 0 358.059 0H352v96h96v-6.059a24 24 0 0 0-7.029-16.97z"
            />
          </svg>
        </td>
        <td
          class="text-right"
        >
          string source
        </td>
      </tr>
      <tr>
        <td
          class="text-left"
        >
          int
        </td>
        <td
          class="text-left"
        >
          <pre
            class="bb-properties-value"
          >
            123
          </pre>
          <svg
            class="bb-properties-copy clickable"
            fill="currentColor"
            height="1em"
            stroke="currentColor"
            stroke-width="0"
            viewBox="0 0 448 512"
            width="1em"
            xmlns="http://www.w3.org/2000/svg"
          >
            <path
              d="M320 448v40c0 13.255-10.745 24-24 24H24c-13.255 0-24-10.745-24-24V120c0-13.255 10.745-24 24-24h72v296c0 30.879 25.121 56 56 56h168zm0-344V0H152c-13.255 0-24 10.745-24 24v368c0 13.255 10.745 24 24 24h272c13.255 0 24-10.745 24-24V128H344c-13.2 0-24-10.8-24-24zm120.971-31.029L375.029 7.029A24 24 0 0 0 358.059 0H352v96h96v-6.059a24 24 0 0 0-7.029-16.97z"
            />
          </svg>
        </td>
        <td
          class="text-right"
        >
          int source
        </td>
      </tr>
      <tr>
        <td
          class="text-left"
        >
          float
        </td>
        <td
          class="text-left"
        >
          <pre
            class="bb-properties-value"
          >
            123.4
          </pre>
          <svg
            class="bb-properties-copy clickable"
            fill="currentColor"
            height="1em"
            stroke="currentColor"
            stroke-width="0"
            viewBox="0 0 448 512"
            width="1em"
            xmlns="http://www.w3.org/2000/svg"
          >
            <path
              d="M320 448v40c0 13.255-10.745 24-24 24H24c-13.255 0-24-10.745-24-24V120c0-13.255 10.745-24 24-24h72v296c0 30.879 25.121 56 56 56h168zm0-344V0H152c-13.255 0-24 10.745-24 24v368c0 13.255 10.745 24 24 24h272c13.255 0 24-10.745 24-24V128H344c-13.2 0-24-10.8-24-24zm120.971-31.029L375.029 7.029A24 24 0 0 0 358.059 0H352v96h96v-6.059a24 24 0 0 0-7.029-16.97z"
            />
          </svg>
        </td>
        <td
          class="text-right"
        >
          float source
        </td>
      </tr>
      <tr>
        <td
          class="text-left"
        >
          boolean
        </td>
        <td
          class="text-left"
        >
          <pre
            class="bb-properties-value"
          >
            true
          </pre>
          <svg
            class="bb-properties-copy clickable"
            fill="currentColor"
            height="1em"
            stroke="currentColor"
            stroke-width="0"
            viewBox="0 0 448 512"
            width="1em"
            xmlns="http://www.w3.org/2000/svg"
          >
            <path
              d="M320 448v40c0 13.255-10.745 24-24 24H24c-13.255 0-24-10.745-24-24V120c0-13.255 10.745-24 24-24h72v296c0 30.879 25.121 56 56 56h168zm0-344V0H152c-13.255 0-24 10.745-24 24v368c0 13.255 10.745 24 24 24h272c13.255 0 24-10.745 24-24V128H344c-13.2 0-24-10.8-24-24zm120.971-31.029L375.029 7.029A24 24 0 0 0 358.059 0H352v96h96v-6.059a24 24 0 0 0-7.029-16.97z"
            />
          </svg>
        </td>
        <td
          class="text-right"
        >
          boolean source
        </td>
      </tr>
      <tr>
        <td
          class="text-left"
        >
          array
        </td>
        <td
          class="text-left"
        >
          <pre
            class="bb-properties-value"
          >
            [321,"astr",false]
          </pre>
          <svg
            class="bb-properties-copy clickable"
            fill="currentColor"
            height="1em"
            stroke="currentColor"
            stroke-width="0"
            viewBox="0 0 448 512"
            width="1em"
            xmlns="http://www.w3.org/2000/svg"
          >
            <path
              d="M320 448v40c0 13.255-10.745 24-24 24H24c-13.255 0-24-10.745-24-24V120c0-13.255 10.745-24 24-24h72v296c0 30.879 25.121 56 56 56h168zm0-344V0H152c-13.255 0-24 10.745-24 24v368c0 13.255 10.745 24 24 24h272c13.255 0 24-10.745 24-24V128H344c-13.2 0-24-10.8-24-24zm120.971-31.029L375.029 7.029A24 24 0 0 0 358.059 0H352v96h96v-6.059a24 24 0 0 0-7.029-16.97z"
            />
          </svg>
        </td>
        <td
          class="text-right"
        >
          array source
        </td>
      </tr>
      <tr>
        <td
          class="text-left"
        >
          object
        </td>
        <td
          class="text-left"
        >
          <pre
            class="bb-properties-value"
          >
            {"s":"str","i":789,"b":false}
          </pre>
          <svg
            class="bb-properties-copy clickable"
            fill="currentColor"
            height="1em"
            stroke="currentColor"
            stroke-width="0"
            viewBox="0 0 448 512"
            width="1em"
            xmlns="http://www.w3.org/2000/svg"
          >
            <path
              d="M320 448v40c0 13.255-10.745 24-24 24H24c-13.255 0-24-10.745-24-24V120c0-13.255 10.745-24 24-24h72v296c0 30.879 25.121 56 56 56h168zm0-344V0H152c-13.255 0-24 10.745-24 24v368c0 13.255 10.745 24 24 24h272c13.255 0 24-10.745 24-24V128H344c-13.2 0-24-10.8-24-24zm120.971-31.029L375.029 7.029A24 24 0 0 0 358.059 0H352v96h96v-6.059a24 24 0 0 0-7.029-16.97z"
            />
          </svg>
        </td>
        <td
          class="text-right"
        >
          object source
        </td>
      </tr>
    </tbody>
  </table>
</DocumentFragment>
`;
