// Jest Snapshot v1, https://goo.gl/fbAQLP

exports[`PropertiesTable component rendering 1`] = `
<table
  className="table table-sm table-striped table-hover"
>
  <thead>
    <tr>
      <th
        className="text-left"
      >
        Name
      </th>
      <th
        className="text-center"
      >
        Value
      </th>
      <th
        className="text-right"
      >
        Source
      </th>
    </tr>
  </thead>
  <tbody>
    <tr>
      <td
        className="text-left"
      >
        str
      </td>
      <td
        className="text-left"
      >
        <pre
          className="bb-properties-value"
        >
          "string"
        </pre>
        <svg
          className="bb-properties-copy clickable"
          fill="currentColor"
          height="1em"
          onClick={[Function]}
          stroke="currentColor"
          strokeWidth="0"
          style={
            Object {
              "color": undefined,
            }
          }
          viewBox="0 0 448 512"
          width="1em"
          xmlns="http://www.w3.org/2000/svg"
        >
          <path
            d="M320 448v40c0 13.255-10.745 24-24 24H24c-13.255 0-24-10.745-24-24V120c0-13.255 10.745-24 24-24h72v296c0 30.879 25.121 56 56 56h168zm0-344V0H152c-13.255 0-24 10.745-24 24v368c0 13.255 10.745 24 24 24h272c13.255 0 24-10.745 24-24V128H344c-13.2 0-24-10.8-24-24zm120.971-31.029L375.029 7.029A24 24 0 0 0 358.059 0H352v96h96v-6.059a24 24 0 0 0-7.029-16.97z"
          />
        </svg>
      </td>
      <td
        className="text-right"
      >
        string source
      </td>
    </tr>
    <tr>
      <td
        className="text-left"
      >
        int
      </td>
      <td
        className="text-left"
      >
        <pre
          className="bb-properties-value"
        >
          123
        </pre>
        <svg
          className="bb-properties-copy clickable"
          fill="currentColor"
          height="1em"
          onClick={[Function]}
          stroke="currentColor"
          strokeWidth="0"
          style={
            Object {
              "color": undefined,
            }
          }
          viewBox="0 0 448 512"
          width="1em"
          xmlns="http://www.w3.org/2000/svg"
        >
          <path
            d="M320 448v40c0 13.255-10.745 24-24 24H24c-13.255 0-24-10.745-24-24V120c0-13.255 10.745-24 24-24h72v296c0 30.879 25.121 56 56 56h168zm0-344V0H152c-13.255 0-24 10.745-24 24v368c0 13.255 10.745 24 24 24h272c13.255 0 24-10.745 24-24V128H344c-13.2 0-24-10.8-24-24zm120.971-31.029L375.029 7.029A24 24 0 0 0 358.059 0H352v96h96v-6.059a24 24 0 0 0-7.029-16.97z"
          />
        </svg>
      </td>
      <td
        className="text-right"
      >
        int source
      </td>
    </tr>
    <tr>
      <td
        className="text-left"
      >
        float
      </td>
      <td
        className="text-left"
      >
        <pre
          className="bb-properties-value"
        >
          123.4
        </pre>
        <svg
          className="bb-properties-copy clickable"
          fill="currentColor"
          height="1em"
          onClick={[Function]}
          stroke="currentColor"
          strokeWidth="0"
          style={
            Object {
              "color": undefined,
            }
          }
          viewBox="0 0 448 512"
          width="1em"
          xmlns="http://www.w3.org/2000/svg"
        >
          <path
            d="M320 448v40c0 13.255-10.745 24-24 24H24c-13.255 0-24-10.745-24-24V120c0-13.255 10.745-24 24-24h72v296c0 30.879 25.121 56 56 56h168zm0-344V0H152c-13.255 0-24 10.745-24 24v368c0 13.255 10.745 24 24 24h272c13.255 0 24-10.745 24-24V128H344c-13.2 0-24-10.8-24-24zm120.971-31.029L375.029 7.029A24 24 0 0 0 358.059 0H352v96h96v-6.059a24 24 0 0 0-7.029-16.97z"
          />
        </svg>
      </td>
      <td
        className="text-right"
      >
        float source
      </td>
    </tr>
    <tr>
      <td
        className="text-left"
      >
        boolean
      </td>
      <td
        className="text-left"
      >
        <pre
          className="bb-properties-value"
        >
          true
        </pre>
        <svg
          className="bb-properties-copy clickable"
          fill="currentColor"
          height="1em"
          onClick={[Function]}
          stroke="currentColor"
          strokeWidth="0"
          style={
            Object {
              "color": undefined,
            }
          }
          viewBox="0 0 448 512"
          width="1em"
          xmlns="http://www.w3.org/2000/svg"
        >
          <path
            d="M320 448v40c0 13.255-10.745 24-24 24H24c-13.255 0-24-10.745-24-24V120c0-13.255 10.745-24 24-24h72v296c0 30.879 25.121 56 56 56h168zm0-344V0H152c-13.255 0-24 10.745-24 24v368c0 13.255 10.745 24 24 24h272c13.255 0 24-10.745 24-24V128H344c-13.2 0-24-10.8-24-24zm120.971-31.029L375.029 7.029A24 24 0 0 0 358.059 0H352v96h96v-6.059a24 24 0 0 0-7.029-16.97z"
          />
        </svg>
      </td>
      <td
        className="text-right"
      >
        boolean source
      </td>
    </tr>
    <tr>
      <td
        className="text-left"
      >
        array
      </td>
      <td
        className="text-left"
      >
        <pre
          className="bb-properties-value"
        >
          [321,"astr",false]
        </pre>
        <svg
          className="bb-properties-copy clickable"
          fill="currentColor"
          height="1em"
          onClick={[Function]}
          stroke="currentColor"
          strokeWidth="0"
          style={
            Object {
              "color": undefined,
            }
          }
          viewBox="0 0 448 512"
          width="1em"
          xmlns="http://www.w3.org/2000/svg"
        >
          <path
            d="M320 448v40c0 13.255-10.745 24-24 24H24c-13.255 0-24-10.745-24-24V120c0-13.255 10.745-24 24-24h72v296c0 30.879 25.121 56 56 56h168zm0-344V0H152c-13.255 0-24 10.745-24 24v368c0 13.255 10.745 24 24 24h272c13.255 0 24-10.745 24-24V128H344c-13.2 0-24-10.8-24-24zm120.971-31.029L375.029 7.029A24 24 0 0 0 358.059 0H352v96h96v-6.059a24 24 0 0 0-7.029-16.97z"
          />
        </svg>
      </td>
      <td
        className="text-right"
      >
        array source
      </td>
    </tr>
    <tr>
      <td
        className="text-left"
      >
        object
      </td>
      <td
        className="text-left"
      >
        <pre
          className="bb-properties-value"
        >
          {"s":"str","i":789,"b":false}
        </pre>
        <svg
          className="bb-properties-copy clickable"
          fill="currentColor"
          height="1em"
          onClick={[Function]}
          stroke="currentColor"
          strokeWidth="0"
          style={
            Object {
              "color": undefined,
            }
          }
          viewBox="0 0 448 512"
          width="1em"
          xmlns="http://www.w3.org/2000/svg"
        >
          <path
            d="M320 448v40c0 13.255-10.745 24-24 24H24c-13.255 0-24-10.745-24-24V120c0-13.255 10.745-24 24-24h72v296c0 30.879 25.121 56 56 56h168zm0-344V0H152c-13.255 0-24 10.745-24 24v368c0 13.255 10.745 24 24 24h272c13.255 0 24-10.745 24-24V128H344c-13.2 0-24-10.8-24-24zm120.971-31.029L375.029 7.029A24 24 0 0 0 358.059 0H352v96h96v-6.059a24 24 0 0 0-7.029-16.97z"
          />
        </svg>
      </td>
      <td
        className="text-right"
      >
        object source
      </td>
    </tr>
  </tbody>
</table>
`;
