// Jest Snapshot v1, https://goo.gl/fbAQLP

exports[`AnsiEscapeCodes ansi2html simple 1`] = `
Array [
  <span
    className="ansi36"
  >
    DEBUG [plugin]: 
  </span>,
  <span
    className=""
  >
    Loading plugin karma-jasmine.
  </span>,
]
`;

exports[`AnsiEscapeCodes generateStyleElement simple 1`] = `
<style>
  pre.log .ansifg-0 { color: #000; }
pre.log .ansibg-0 { background-color: #000; }
pre.log .ansifg-1 { color: #800; }
pre.log .ansibg-1 { background-color: #800; }
pre.log .ansifg-2 { color: #080; }
pre.log .ansibg-2 { background-color: #080; }
pre.log .ansifg-3 { color: #880; }
pre.log .ansibg-3 { background-color: #880; }
pre.log .ansifg-4 { color: #008; }
pre.log .ansibg-4 { background-color: #008; }
pre.log .ansifg-5 { color: #808; }
pre.log .ansibg-5 { background-color: #808; }
pre.log .ansifg-6 { color: #088; }
pre.log .ansibg-6 { background-color: #088; }
pre.log .ansifg-7 { color: #ccc; }
pre.log .ansibg-7 { background-color: #ccc; }
pre.log .ansifg-8 { color: #888; }
pre.log .ansibg-8 { background-color: #888; }
pre.log .ansifg-9 { color: #f00; }
pre.log .ansibg-9 { background-color: #f00; }
pre.log .ansifg-10 { color: #0f0; }
pre.log .ansibg-10 { background-color: #0f0; }
pre.log .ansifg-11 { color: #ff0; }
pre.log .ansibg-11 { background-color: #ff0; }
pre.log .ansifg-12 { color: #00f; }
pre.log .ansibg-12 { background-color: #00f; }
pre.log .ansifg-13 { color: #f0f; }
pre.log .ansibg-13 { background-color: #f0f; }
pre.log .ansifg-14 { color: #0ff; }
pre.log .ansibg-14 { background-color: #0ff; }
pre.log .ansifg-15 { color: #fff; }
pre.log .ansibg-15 { background-color: #fff; }
pre.log .ansifg-16 { color: #000; }
pre.log .ansibg-16 { background-color: #000; }
pre.log .ansifg-17 { color: #006; }
pre.log .ansibg-17 { background-color: #006; }
pre.log .ansifg-18 { color: #009; }
pre.log .ansibg-18 { background-color: #009; }
pre.log .ansifg-19 { color: #00a; }
pre.log .ansibg-19 { background-color: #00a; }
pre.log .ansifg-20 { color: #00d; }
pre.log .ansibg-20 { background-color: #00d; }
pre.log .ansifg-21 { color: #00f; }
pre.log .ansibg-21 { background-color: #00f; }
pre.log .ansifg-22 { color: #060; }
pre.log .ansibg-22 { background-color: #060; }
pre.log .ansifg-23 { color: #066; }
pre.log .ansibg-23 { background-color: #066; }
pre.log .ansifg-24 { color: #069; }
pre.log .ansibg-24 { background-color: #069; }
pre.log .ansifg-25 { color: #06a; }
pre.log .ansibg-25 { background-color: #06a; }
pre.log .ansifg-26 { color: #06d; }
pre.log .ansibg-26 { background-color: #06d; }
pre.log .ansifg-27 { color: #06f; }
pre.log .ansibg-27 { background-color: #06f; }
pre.log .ansifg-28 { color: #090; }
pre.log .ansibg-28 { background-color: #090; }
pre.log .ansifg-29 { color: #096; }
pre.log .ansibg-29 { background-color: #096; }
pre.log .ansifg-30 { color: #099; }
pre.log .ansibg-30 { background-color: #099; }
pre.log .ansifg-31 { color: #09a; }
pre.log .ansibg-31 { background-color: #09a; }
pre.log .ansifg-32 { color: #09d; }
pre.log .ansibg-32 { background-color: #09d; }
pre.log .ansifg-33 { color: #09f; }
pre.log .ansibg-33 { background-color: #09f; }
pre.log .ansifg-34 { color: #0a0; }
pre.log .ansibg-34 { background-color: #0a0; }
pre.log .ansifg-35 { color: #0a6; }
pre.log .ansibg-35 { background-color: #0a6; }
pre.log .ansifg-36 { color: #0a9; }
pre.log .ansibg-36 { background-color: #0a9; }
pre.log .ansifg-37 { color: #0aa; }
pre.log .ansibg-37 { background-color: #0aa; }
pre.log .ansifg-38 { color: #0ad; }
pre.log .ansibg-38 { background-color: #0ad; }
pre.log .ansifg-39 { color: #0af; }
pre.log .ansibg-39 { background-color: #0af; }
pre.log .ansifg-40 { color: #0d0; }
pre.log .ansibg-40 { background-color: #0d0; }
pre.log .ansifg-41 { color: #0d6; }
pre.log .ansibg-41 { background-color: #0d6; }
pre.log .ansifg-42 { color: #0d9; }
pre.log .ansibg-42 { background-color: #0d9; }
pre.log .ansifg-43 { color: #0da; }
pre.log .ansibg-43 { background-color: #0da; }
pre.log .ansifg-44 { color: #0dd; }
pre.log .ansibg-44 { background-color: #0dd; }
pre.log .ansifg-45 { color: #0df; }
pre.log .ansibg-45 { background-color: #0df; }
pre.log .ansifg-46 { color: #0f0; }
pre.log .ansibg-46 { background-color: #0f0; }
pre.log .ansifg-47 { color: #0f6; }
pre.log .ansibg-47 { background-color: #0f6; }
pre.log .ansifg-48 { color: #0f9; }
pre.log .ansibg-48 { background-color: #0f9; }
pre.log .ansifg-49 { color: #0fa; }
pre.log .ansibg-49 { background-color: #0fa; }
pre.log .ansifg-50 { color: #0fd; }
pre.log .ansibg-50 { background-color: #0fd; }
pre.log .ansifg-51 { color: #0ff; }
pre.log .ansibg-51 { background-color: #0ff; }
pre.log .ansifg-52 { color: #600; }
pre.log .ansibg-52 { background-color: #600; }
pre.log .ansifg-53 { color: #606; }
pre.log .ansibg-53 { background-color: #606; }
pre.log .ansifg-54 { color: #609; }
pre.log .ansibg-54 { background-color: #609; }
pre.log .ansifg-55 { color: #60a; }
pre.log .ansibg-55 { background-color: #60a; }
pre.log .ansifg-56 { color: #60d; }
pre.log .ansibg-56 { background-color: #60d; }
pre.log .ansifg-57 { color: #60f; }
pre.log .ansibg-57 { background-color: #60f; }
pre.log .ansifg-58 { color: #660; }
pre.log .ansibg-58 { background-color: #660; }
pre.log .ansifg-59 { color: #666; }
pre.log .ansibg-59 { background-color: #666; }
pre.log .ansifg-60 { color: #669; }
pre.log .ansibg-60 { background-color: #669; }
pre.log .ansifg-61 { color: #66a; }
pre.log .ansibg-61 { background-color: #66a; }
pre.log .ansifg-62 { color: #66d; }
pre.log .ansibg-62 { background-color: #66d; }
pre.log .ansifg-63 { color: #66f; }
pre.log .ansibg-63 { background-color: #66f; }
pre.log .ansifg-64 { color: #690; }
pre.log .ansibg-64 { background-color: #690; }
pre.log .ansifg-65 { color: #696; }
pre.log .ansibg-65 { background-color: #696; }
pre.log .ansifg-66 { color: #699; }
pre.log .ansibg-66 { background-color: #699; }
pre.log .ansifg-67 { color: #69a; }
pre.log .ansibg-67 { background-color: #69a; }
pre.log .ansifg-68 { color: #69d; }
pre.log .ansibg-68 { background-color: #69d; }
pre.log .ansifg-69 { color: #69f; }
pre.log .ansibg-69 { background-color: #69f; }
pre.log .ansifg-70 { color: #6a0; }
pre.log .ansibg-70 { background-color: #6a0; }
pre.log .ansifg-71 { color: #6a6; }
pre.log .ansibg-71 { background-color: #6a6; }
pre.log .ansifg-72 { color: #6a9; }
pre.log .ansibg-72 { background-color: #6a9; }
pre.log .ansifg-73 { color: #6aa; }
pre.log .ansibg-73 { background-color: #6aa; }
pre.log .ansifg-74 { color: #6ad; }
pre.log .ansibg-74 { background-color: #6ad; }
pre.log .ansifg-75 { color: #6af; }
pre.log .ansibg-75 { background-color: #6af; }
pre.log .ansifg-76 { color: #6d0; }
pre.log .ansibg-76 { background-color: #6d0; }
pre.log .ansifg-77 { color: #6d6; }
pre.log .ansibg-77 { background-color: #6d6; }
pre.log .ansifg-78 { color: #6d9; }
pre.log .ansibg-78 { background-color: #6d9; }
pre.log .ansifg-79 { color: #6da; }
pre.log .ansibg-79 { background-color: #6da; }
pre.log .ansifg-80 { color: #6dd; }
pre.log .ansibg-80 { background-color: #6dd; }
pre.log .ansifg-81 { color: #6df; }
pre.log .ansibg-81 { background-color: #6df; }
pre.log .ansifg-82 { color: #6f0; }
pre.log .ansibg-82 { background-color: #6f0; }
pre.log .ansifg-83 { color: #6f6; }
pre.log .ansibg-83 { background-color: #6f6; }
pre.log .ansifg-84 { color: #6f9; }
pre.log .ansibg-84 { background-color: #6f9; }
pre.log .ansifg-85 { color: #6fa; }
pre.log .ansibg-85 { background-color: #6fa; }
pre.log .ansifg-86 { color: #6fd; }
pre.log .ansibg-86 { background-color: #6fd; }
pre.log .ansifg-87 { color: #6ff; }
pre.log .ansibg-87 { background-color: #6ff; }
pre.log .ansifg-88 { color: #900; }
pre.log .ansibg-88 { background-color: #900; }
pre.log .ansifg-89 { color: #906; }
pre.log .ansibg-89 { background-color: #906; }
pre.log .ansifg-90 { color: #909; }
pre.log .ansibg-90 { background-color: #909; }
pre.log .ansifg-91 { color: #90a; }
pre.log .ansibg-91 { background-color: #90a; }
pre.log .ansifg-92 { color: #90d; }
pre.log .ansibg-92 { background-color: #90d; }
pre.log .ansifg-93 { color: #90f; }
pre.log .ansibg-93 { background-color: #90f; }
pre.log .ansifg-94 { color: #960; }
pre.log .ansibg-94 { background-color: #960; }
pre.log .ansifg-95 { color: #966; }
pre.log .ansibg-95 { background-color: #966; }
pre.log .ansifg-96 { color: #969; }
pre.log .ansibg-96 { background-color: #969; }
pre.log .ansifg-97 { color: #96a; }
pre.log .ansibg-97 { background-color: #96a; }
pre.log .ansifg-98 { color: #96d; }
pre.log .ansibg-98 { background-color: #96d; }
pre.log .ansifg-99 { color: #96f; }
pre.log .ansibg-99 { background-color: #96f; }
pre.log .ansifg-100 { color: #990; }
pre.log .ansibg-100 { background-color: #990; }
pre.log .ansifg-101 { color: #996; }
pre.log .ansibg-101 { background-color: #996; }
pre.log .ansifg-102 { color: #999; }
pre.log .ansibg-102 { background-color: #999; }
pre.log .ansifg-103 { color: #99a; }
pre.log .ansibg-103 { background-color: #99a; }
pre.log .ansifg-104 { color: #99d; }
pre.log .ansibg-104 { background-color: #99d; }
pre.log .ansifg-105 { color: #99f; }
pre.log .ansibg-105 { background-color: #99f; }
pre.log .ansifg-106 { color: #9a0; }
pre.log .ansibg-106 { background-color: #9a0; }
pre.log .ansifg-107 { color: #9a6; }
pre.log .ansibg-107 { background-color: #9a6; }
pre.log .ansifg-108 { color: #9a9; }
pre.log .ansibg-108 { background-color: #9a9; }
pre.log .ansifg-109 { color: #9aa; }
pre.log .ansibg-109 { background-color: #9aa; }
pre.log .ansifg-110 { color: #9ad; }
pre.log .ansibg-110 { background-color: #9ad; }
pre.log .ansifg-111 { color: #9af; }
pre.log .ansibg-111 { background-color: #9af; }
pre.log .ansifg-112 { color: #9d0; }
pre.log .ansibg-112 { background-color: #9d0; }
pre.log .ansifg-113 { color: #9d6; }
pre.log .ansibg-113 { background-color: #9d6; }
pre.log .ansifg-114 { color: #9d9; }
pre.log .ansibg-114 { background-color: #9d9; }
pre.log .ansifg-115 { color: #9da; }
pre.log .ansibg-115 { background-color: #9da; }
pre.log .ansifg-116 { color: #9dd; }
pre.log .ansibg-116 { background-color: #9dd; }
pre.log .ansifg-117 { color: #9df; }
pre.log .ansibg-117 { background-color: #9df; }
pre.log .ansifg-118 { color: #9f0; }
pre.log .ansibg-118 { background-color: #9f0; }
pre.log .ansifg-119 { color: #9f6; }
pre.log .ansibg-119 { background-color: #9f6; }
pre.log .ansifg-120 { color: #9f9; }
pre.log .ansibg-120 { background-color: #9f9; }
pre.log .ansifg-121 { color: #9fa; }
pre.log .ansibg-121 { background-color: #9fa; }
pre.log .ansifg-122 { color: #9fd; }
pre.log .ansibg-122 { background-color: #9fd; }
pre.log .ansifg-123 { color: #9ff; }
pre.log .ansibg-123 { background-color: #9ff; }
pre.log .ansifg-124 { color: #a00; }
pre.log .ansibg-124 { background-color: #a00; }
pre.log .ansifg-125 { color: #a06; }
pre.log .ansibg-125 { background-color: #a06; }
pre.log .ansifg-126 { color: #a09; }
pre.log .ansibg-126 { background-color: #a09; }
pre.log .ansifg-127 { color: #a0a; }
pre.log .ansibg-127 { background-color: #a0a; }
pre.log .ansifg-128 { color: #a0d; }
pre.log .ansibg-128 { background-color: #a0d; }
pre.log .ansifg-129 { color: #a0f; }
pre.log .ansibg-129 { background-color: #a0f; }
pre.log .ansifg-130 { color: #a60; }
pre.log .ansibg-130 { background-color: #a60; }
pre.log .ansifg-131 { color: #a66; }
pre.log .ansibg-131 { background-color: #a66; }
pre.log .ansifg-132 { color: #a69; }
pre.log .ansibg-132 { background-color: #a69; }
pre.log .ansifg-133 { color: #a6a; }
pre.log .ansibg-133 { background-color: #a6a; }
pre.log .ansifg-134 { color: #a6d; }
pre.log .ansibg-134 { background-color: #a6d; }
pre.log .ansifg-135 { color: #a6f; }
pre.log .ansibg-135 { background-color: #a6f; }
pre.log .ansifg-136 { color: #a90; }
pre.log .ansibg-136 { background-color: #a90; }
pre.log .ansifg-137 { color: #a96; }
pre.log .ansibg-137 { background-color: #a96; }
pre.log .ansifg-138 { color: #a99; }
pre.log .ansibg-138 { background-color: #a99; }
pre.log .ansifg-139 { color: #a9a; }
pre.log .ansibg-139 { background-color: #a9a; }
pre.log .ansifg-140 { color: #a9d; }
pre.log .ansibg-140 { background-color: #a9d; }
pre.log .ansifg-141 { color: #a9f; }
pre.log .ansibg-141 { background-color: #a9f; }
pre.log .ansifg-142 { color: #aa0; }
pre.log .ansibg-142 { background-color: #aa0; }
pre.log .ansifg-143 { color: #aa6; }
pre.log .ansibg-143 { background-color: #aa6; }
pre.log .ansifg-144 { color: #aa9; }
pre.log .ansibg-144 { background-color: #aa9; }
pre.log .ansifg-145 { color: #aaa; }
pre.log .ansibg-145 { background-color: #aaa; }
pre.log .ansifg-146 { color: #aad; }
pre.log .ansibg-146 { background-color: #aad; }
pre.log .ansifg-147 { color: #aaf; }
pre.log .ansibg-147 { background-color: #aaf; }
pre.log .ansifg-148 { color: #ad0; }
pre.log .ansibg-148 { background-color: #ad0; }
pre.log .ansifg-149 { color: #ad6; }
pre.log .ansibg-149 { background-color: #ad6; }
pre.log .ansifg-150 { color: #ad9; }
pre.log .ansibg-150 { background-color: #ad9; }
pre.log .ansifg-151 { color: #ada; }
pre.log .ansibg-151 { background-color: #ada; }
pre.log .ansifg-152 { color: #add; }
pre.log .ansibg-152 { background-color: #add; }
pre.log .ansifg-153 { color: #adf; }
pre.log .ansibg-153 { background-color: #adf; }
pre.log .ansifg-154 { color: #af0; }
pre.log .ansibg-154 { background-color: #af0; }
pre.log .ansifg-155 { color: #af6; }
pre.log .ansibg-155 { background-color: #af6; }
pre.log .ansifg-156 { color: #af9; }
pre.log .ansibg-156 { background-color: #af9; }
pre.log .ansifg-157 { color: #afa; }
pre.log .ansibg-157 { background-color: #afa; }
pre.log .ansifg-158 { color: #afd; }
pre.log .ansibg-158 { background-color: #afd; }
pre.log .ansifg-159 { color: #aff; }
pre.log .ansibg-159 { background-color: #aff; }
pre.log .ansifg-160 { color: #d00; }
pre.log .ansibg-160 { background-color: #d00; }
pre.log .ansifg-161 { color: #d06; }
pre.log .ansibg-161 { background-color: #d06; }
pre.log .ansifg-162 { color: #d09; }
pre.log .ansibg-162 { background-color: #d09; }
pre.log .ansifg-163 { color: #d0a; }
pre.log .ansibg-163 { background-color: #d0a; }
pre.log .ansifg-164 { color: #d0d; }
pre.log .ansibg-164 { background-color: #d0d; }
pre.log .ansifg-165 { color: #d0f; }
pre.log .ansibg-165 { background-color: #d0f; }
pre.log .ansifg-166 { color: #d60; }
pre.log .ansibg-166 { background-color: #d60; }
pre.log .ansifg-167 { color: #d66; }
pre.log .ansibg-167 { background-color: #d66; }
pre.log .ansifg-168 { color: #d69; }
pre.log .ansibg-168 { background-color: #d69; }
pre.log .ansifg-169 { color: #d6a; }
pre.log .ansibg-169 { background-color: #d6a; }
pre.log .ansifg-170 { color: #d6d; }
pre.log .ansibg-170 { background-color: #d6d; }
pre.log .ansifg-171 { color: #d6f; }
pre.log .ansibg-171 { background-color: #d6f; }
pre.log .ansifg-172 { color: #d90; }
pre.log .ansibg-172 { background-color: #d90; }
pre.log .ansifg-173 { color: #d96; }
pre.log .ansibg-173 { background-color: #d96; }
pre.log .ansifg-174 { color: #d99; }
pre.log .ansibg-174 { background-color: #d99; }
pre.log .ansifg-175 { color: #d9a; }
pre.log .ansibg-175 { background-color: #d9a; }
pre.log .ansifg-176 { color: #d9d; }
pre.log .ansibg-176 { background-color: #d9d; }
pre.log .ansifg-177 { color: #d9f; }
pre.log .ansibg-177 { background-color: #d9f; }
pre.log .ansifg-178 { color: #da0; }
pre.log .ansibg-178 { background-color: #da0; }
pre.log .ansifg-179 { color: #da6; }
pre.log .ansibg-179 { background-color: #da6; }
pre.log .ansifg-180 { color: #da9; }
pre.log .ansibg-180 { background-color: #da9; }
pre.log .ansifg-181 { color: #daa; }
pre.log .ansibg-181 { background-color: #daa; }
pre.log .ansifg-182 { color: #dad; }
pre.log .ansibg-182 { background-color: #dad; }
pre.log .ansifg-183 { color: #daf; }
pre.log .ansibg-183 { background-color: #daf; }
pre.log .ansifg-184 { color: #dd0; }
pre.log .ansibg-184 { background-color: #dd0; }
pre.log .ansifg-185 { color: #dd6; }
pre.log .ansibg-185 { background-color: #dd6; }
pre.log .ansifg-186 { color: #dd9; }
pre.log .ansibg-186 { background-color: #dd9; }
pre.log .ansifg-187 { color: #dda; }
pre.log .ansibg-187 { background-color: #dda; }
pre.log .ansifg-188 { color: #ddd; }
pre.log .ansibg-188 { background-color: #ddd; }
pre.log .ansifg-189 { color: #ddf; }
pre.log .ansibg-189 { background-color: #ddf; }
pre.log .ansifg-190 { color: #df0; }
pre.log .ansibg-190 { background-color: #df0; }
pre.log .ansifg-191 { color: #df6; }
pre.log .ansibg-191 { background-color: #df6; }
pre.log .ansifg-192 { color: #df9; }
pre.log .ansibg-192 { background-color: #df9; }
pre.log .ansifg-193 { color: #dfa; }
pre.log .ansibg-193 { background-color: #dfa; }
pre.log .ansifg-194 { color: #dfd; }
pre.log .ansibg-194 { background-color: #dfd; }
pre.log .ansifg-195 { color: #dff; }
pre.log .ansibg-195 { background-color: #dff; }
pre.log .ansifg-196 { color: #f00; }
pre.log .ansibg-196 { background-color: #f00; }
pre.log .ansifg-197 { color: #f06; }
pre.log .ansibg-197 { background-color: #f06; }
pre.log .ansifg-198 { color: #f09; }
pre.log .ansibg-198 { background-color: #f09; }
pre.log .ansifg-199 { color: #f0a; }
pre.log .ansibg-199 { background-color: #f0a; }
pre.log .ansifg-200 { color: #f0d; }
pre.log .ansibg-200 { background-color: #f0d; }
pre.log .ansifg-201 { color: #f0f; }
pre.log .ansibg-201 { background-color: #f0f; }
pre.log .ansifg-202 { color: #f60; }
pre.log .ansibg-202 { background-color: #f60; }
pre.log .ansifg-203 { color: #f66; }
pre.log .ansibg-203 { background-color: #f66; }
pre.log .ansifg-204 { color: #f69; }
pre.log .ansibg-204 { background-color: #f69; }
pre.log .ansifg-205 { color: #f6a; }
pre.log .ansibg-205 { background-color: #f6a; }
pre.log .ansifg-206 { color: #f6d; }
pre.log .ansibg-206 { background-color: #f6d; }
pre.log .ansifg-207 { color: #f6f; }
pre.log .ansibg-207 { background-color: #f6f; }
pre.log .ansifg-208 { color: #f90; }
pre.log .ansibg-208 { background-color: #f90; }
pre.log .ansifg-209 { color: #f96; }
pre.log .ansibg-209 { background-color: #f96; }
pre.log .ansifg-210 { color: #f99; }
pre.log .ansibg-210 { background-color: #f99; }
pre.log .ansifg-211 { color: #f9a; }
pre.log .ansibg-211 { background-color: #f9a; }
pre.log .ansifg-212 { color: #f9d; }
pre.log .ansibg-212 { background-color: #f9d; }
pre.log .ansifg-213 { color: #f9f; }
pre.log .ansibg-213 { background-color: #f9f; }
pre.log .ansifg-214 { color: #fa0; }
pre.log .ansibg-214 { background-color: #fa0; }
pre.log .ansifg-215 { color: #fa6; }
pre.log .ansibg-215 { background-color: #fa6; }
pre.log .ansifg-216 { color: #fa9; }
pre.log .ansibg-216 { background-color: #fa9; }
pre.log .ansifg-217 { color: #faa; }
pre.log .ansibg-217 { background-color: #faa; }
pre.log .ansifg-218 { color: #fad; }
pre.log .ansibg-218 { background-color: #fad; }
pre.log .ansifg-219 { color: #faf; }
pre.log .ansibg-219 { background-color: #faf; }
pre.log .ansifg-220 { color: #fd0; }
pre.log .ansibg-220 { background-color: #fd0; }
pre.log .ansifg-221 { color: #fd6; }
pre.log .ansibg-221 { background-color: #fd6; }
pre.log .ansifg-222 { color: #fd9; }
pre.log .ansibg-222 { background-color: #fd9; }
pre.log .ansifg-223 { color: #fda; }
pre.log .ansibg-223 { background-color: #fda; }
pre.log .ansifg-224 { color: #fdd; }
pre.log .ansibg-224 { background-color: #fdd; }
pre.log .ansifg-225 { color: #fdf; }
pre.log .ansibg-225 { background-color: #fdf; }
pre.log .ansifg-226 { color: #ff0; }
pre.log .ansibg-226 { background-color: #ff0; }
pre.log .ansifg-227 { color: #ff6; }
pre.log .ansibg-227 { background-color: #ff6; }
pre.log .ansifg-228 { color: #ff9; }
pre.log .ansibg-228 { background-color: #ff9; }
pre.log .ansifg-229 { color: #ffa; }
pre.log .ansibg-229 { background-color: #ffa; }
pre.log .ansifg-230 { color: #ffd; }
pre.log .ansibg-230 { background-color: #ffd; }
pre.log .ansifg-231 { color: #fff; }
pre.log .ansibg-231 { background-color: #fff; }
pre.log .ansifg-232 { color: #090909; }
pre.log .ansibg-232 { background-color: #090909; }
pre.log .ansifg-233 { color: #131313; }
pre.log .ansibg-233 { background-color: #131313; }
pre.log .ansifg-234 { color: #1d1d1d; }
pre.log .ansibg-234 { background-color: #1d1d1d; }
pre.log .ansifg-235 { color: #272727; }
pre.log .ansibg-235 { background-color: #272727; }
pre.log .ansifg-236 { color: #313131; }
pre.log .ansibg-236 { background-color: #313131; }
pre.log .ansifg-237 { color: #3b3b3b; }
pre.log .ansibg-237 { background-color: #3b3b3b; }
pre.log .ansifg-238 { color: #444444; }
pre.log .ansibg-238 { background-color: #444444; }
pre.log .ansifg-239 { color: #4e4e4e; }
pre.log .ansibg-239 { background-color: #4e4e4e; }
pre.log .ansifg-240 { color: #585858; }
pre.log .ansibg-240 { background-color: #585858; }
pre.log .ansifg-241 { color: #626262; }
pre.log .ansibg-241 { background-color: #626262; }
pre.log .ansifg-242 { color: #6c6c6c; }
pre.log .ansibg-242 { background-color: #6c6c6c; }
pre.log .ansifg-243 { color: #767676; }
pre.log .ansibg-243 { background-color: #767676; }
pre.log .ansifg-244 { color: #808080; }
pre.log .ansibg-244 { background-color: #808080; }
pre.log .ansifg-245 { color: #898989; }
pre.log .ansibg-245 { background-color: #898989; }
pre.log .ansifg-246 { color: #939393; }
pre.log .ansibg-246 { background-color: #939393; }
pre.log .ansifg-247 { color: #9d9d9d; }
pre.log .ansibg-247 { background-color: #9d9d9d; }
pre.log .ansifg-248 { color: #a7a7a7; }
pre.log .ansibg-248 { background-color: #a7a7a7; }
pre.log .ansifg-249 { color: #b1b1b1; }
pre.log .ansibg-249 { background-color: #b1b1b1; }
pre.log .ansifg-250 { color: #bbbbbb; }
pre.log .ansibg-250 { background-color: #bbbbbb; }
pre.log .ansifg-251 { color: #c4c4c4; }
pre.log .ansibg-251 { background-color: #c4c4c4; }
pre.log .ansifg-252 { color: #cecece; }
pre.log .ansibg-252 { background-color: #cecece; }
pre.log .ansifg-253 { color: #d8d8d8; }
pre.log .ansibg-253 { background-color: #d8d8d8; }
pre.log .ansifg-254 { color: #e2e2e2; }
pre.log .ansibg-254 { background-color: #e2e2e2; }
pre.log .ansifg-255 { color: #ececec; }
pre.log .ansibg-255 { background-color: #ececec; }

</style>
`;
